Performing Curl Test HAVE_FSETXATTR_6 passed with the following output:
Change Dir: '/Users/krishnachamarthy/Documents/Interview/interview_template/build/CMakeFiles/CMakeTmp'

Run Build Command(s): /opt/homebrew/bin/cmake -E env VERBOSE=1 /usr/bin/make -f Makefile cmTC_4d0c2/fast
/Applications/Xcode.app/Contents/Developer/usr/bin/make  -f CMakeFiles/cmTC_4d0c2.dir/build.make CMakeFiles/cmTC_4d0c2.dir/build
Building C object CMakeFiles/cmTC_4d0c2.dir/CurlTests.c.o
/usr/bin/cc   -Wextra -Wall -pedantic -Wbad-function-cast -Wconversion -Winline -Wmissing-declarations -Wmissing-prototypes -Wnested-externs -Wno-long-long -Wno-multichar -Wpointer-arith -Wshadow -Wsign-compare -Wundef -Wunused -Wwrite-strings -Wcast-align -Wdeclaration-after-statement -Wempty-body -Wendif-labels -Wfloat-equal -Wignored-qualifiers -Wno-format-nonliteral -Wno-sign-conversion -Wno-system-headers -Wstrict-prototypes -Wtype-limits -Wvla -Wshift-sign-overflow -Wshorten-64-to-32 -Wdouble-promotion -Wenum-conversion -Wunused-const-variable -Wcomma -Wmissing-variable-declarations -Wassign-enum -Wextra-semi-stmt -DHAVE_FSETXATTR_6  -DHAVE_INTTYPES_H -DHAVE_SYS_FILIO_H -DHAVE_SYS_WAIT_H -DHAVE_SYS_IOCTL_H -DHAVE_SYS_PARAM_H -DHAVE_SYS_POLL_H -DHAVE_SYS_RESOURCE_H -DHAVE_SYS_SELECT_H -DHAVE_SYS_SOCKET_H -DHAVE_SYS_SOCKIO_H -DHAVE_SYS_STAT_H -DHAVE_SYS_TIME_H -DHAVE_SYS_TYPES_H -DHAVE_SYS_UN_H -DHAVE_SYS_XATTR_H -DHAVE_ARPA_INET_H -DHAVE_FCNTL_H -DHAVE_IDN2_H -DHAVE_IFADDRS_H -DHAVE_LIBGEN_H -DHAVE_LOCALE_H -DHAVE_NET_IF_H -DHAVE_NETDB_H -DHAVE_NETINET_IN_H -DHAVE_NETINET_TCP_H -DHAVE_NETINET_UDP_H -DHAVE_POLL_H -DHAVE_PWD_H -DHAVE_STDATOMIC_H -DHAVE_STDBOOL_H -DHAVE_STDINT_H -DHAVE_STRINGS_H -DHAVE_TERMIOS_H -DHAVE_UNISTD_H -DHAVE_UTIME_H -arch arm64 -MD -MT CMakeFiles/cmTC_4d0c2.dir/CurlTests.c.o -MF CMakeFiles/cmTC_4d0c2.dir/CurlTests.c.o.d -o CMakeFiles/cmTC_4d0c2.dir/CurlTests.c.o -c /Users/krishnachamarthy/Documents/Interview/interview_template/build/_deps/curl-src/CMake/CurlTests.c
/Users/krishnachamarthy/Documents/Interview/interview_template/build/_deps/curl-src/CMake/CurlTests.c:405:5: warning: a function declaration without a prototype is deprecated in all versions of C [-Wstrict-prototypes]
  405 | main() {
      |     ^
      |      void
1 warning generated.
Linking C executable cmTC_4d0c2
/opt/homebrew/bin/cmake -E cmake_link_script CMakeFiles/cmTC_4d0c2.dir/link.txt --verbose=1
/usr/bin/cc   -Wextra -Wall -pedantic -Wbad-function-cast -Wconversion -Winline -Wmissing-declarations -Wmissing-prototypes -Wnested-externs -Wno-long-long -Wno-multichar -Wpointer-arith -Wshadow -Wsign-compare -Wundef -Wunused -Wwrite-strings -Wcast-align -Wdeclaration-after-statement -Wempty-body -Wendif-labels -Wfloat-equal -Wignored-qualifiers -Wno-format-nonliteral -Wno-sign-conversion -Wno-system-headers -Wstrict-prototypes -Wtype-limits -Wvla -Wshift-sign-overflow -Wshorten-64-to-32 -Wdouble-promotion -Wenum-conversion -Wunused-const-variable -Wcomma -Wmissing-variable-declarations -Wassign-enum -Wextra-semi-stmt -DHAVE_FSETXATTR_6  -DHAVE_INTTYPES_H -DHAVE_SYS_FILIO_H -DHAVE_SYS_WAIT_H -DHAVE_SYS_IOCTL_H -DHAVE_SYS_PARAM_H -DHAVE_SYS_POLL_H -DHAVE_SYS_RESOURCE_H -DHAVE_SYS_SELECT_H -DHAVE_SYS_SOCKET_H -DHAVE_SYS_SOCKIO_H -DHAVE_SYS_STAT_H -DHAVE_SYS_TIME_H -DHAVE_SYS_TYPES_H -DHAVE_SYS_UN_H -DHAVE_SYS_XATTR_H -DHAVE_ARPA_INET_H -DHAVE_FCNTL_H -DHAVE_IDN2_H -DHAVE_IFADDRS_H -DHAVE_LIBGEN_H -DHAVE_LOCALE_H -DHAVE_NET_IF_H -DHAVE_NETDB_H -DHAVE_NETINET_IN_H -DHAVE_NETINET_TCP_H -DHAVE_NETINET_UDP_H -DHAVE_POLL_H -DHAVE_PWD_H -DHAVE_STDATOMIC_H -DHAVE_STDBOOL_H -DHAVE_STDINT_H -DHAVE_STRINGS_H -DHAVE_TERMIOS_H -DHAVE_UNISTD_H -DHAVE_UTIME_H -arch arm64 CMakeFiles/cmTC_4d0c2.dir/CurlTests.c.o -o cmTC_4d0c2


Performing Curl Test HAVE_FCNTL_O_NONBLOCK passed with the following output:
Change Dir: '/Users/krishnachamarthy/Documents/Interview/interview_template/build/CMakeFiles/CMakeTmp'

Run Build Command(s): /opt/homebrew/bin/cmake -E env VERBOSE=1 /usr/bin/make -f Makefile cmTC_b87c7/fast
/Applications/Xcode.app/Contents/Developer/usr/bin/make  -f CMakeFiles/cmTC_b87c7.dir/build.make CMakeFiles/cmTC_b87c7.dir/build
Building C object CMakeFiles/cmTC_b87c7.dir/CurlTests.c.o
/usr/bin/cc   -Wextra -Wall -pedantic -Wbad-function-cast -Wconversion -Winline -Wmissing-declarations -Wmissing-prototypes -Wnested-externs -Wno-long-long -Wno-multichar -Wpointer-arith -Wshadow -Wsign-compare -Wundef -Wunused -Wwrite-strings -Wcast-align -Wdeclaration-after-statement -Wempty-body -Wendif-labels -Wfloat-equal -Wignored-qualifiers -Wno-format-nonliteral -Wno-sign-conversion -Wno-system-headers -Wstrict-prototypes -Wtype-limits -Wvla -Wshift-sign-overflow -Wshorten-64-to-32 -Wdouble-promotion -Wenum-conversion -Wunused-const-variable -Wcomma -Wmissing-variable-declarations -Wassign-enum -Wextra-semi-stmt -DHAVE_FCNTL_O_NONBLOCK  -DHAVE_INTTYPES_H -DHAVE_SYS_FILIO_H -DHAVE_SYS_WAIT_H -DHAVE_SYS_IOCTL_H -DHAVE_SYS_PARAM_H -DHAVE_SYS_POLL_H -DHAVE_SYS_RESOURCE_H -DHAVE_SYS_SELECT_H -DHAVE_SYS_SOCKET_H -DHAVE_SYS_SOCKIO_H -DHAVE_SYS_STAT_H -DHAVE_SYS_TIME_H -DHAVE_SYS_TYPES_H -DHAVE_SYS_UN_H -DHAVE_SYS_XATTR_H -DHAVE_ARPA_INET_H -DHAVE_FCNTL_H -DHAVE_IDN2_H -DHAVE_IFADDRS_H -DHAVE_LIBGEN_H -DHAVE_LOCALE_H -DHAVE_NET_IF_H -DHAVE_NETDB_H -DHAVE_NETINET_IN_H -DHAVE_NETINET_TCP_H -DHAVE_NETINET_UDP_H -DHAVE_POLL_H -DHAVE_PWD_H -DHAVE_STDATOMIC_H -DHAVE_STDBOOL_H -DHAVE_STDINT_H -DHAVE_STRINGS_H -DHAVE_TERMIOS_H -DHAVE_UNISTD_H -DHAVE_UTIME_H -arch arm64 -MD -MT CMakeFiles/cmTC_b87c7.dir/CurlTests.c.o -MF CMakeFiles/cmTC_b87c7.dir/CurlTests.c.o.d -o CMakeFiles/cmTC_b87c7.dir/CurlTests.c.o -c /Users/krishnachamarthy/Documents/Interview/interview_template/build/_deps/curl-src/CMake/CurlTests.c
/Users/krishnachamarthy/Documents/Interview/interview_template/build/_deps/curl-src/CMake/CurlTests.c:49:6: warning: a function declaration without a prototype is deprecated in all versions of C [-Wstrict-prototypes]
   49 | main ()
      |      ^
      |       void
1 warning generated.
Linking C executable cmTC_b87c7
/opt/homebrew/bin/cmake -E cmake_link_script CMakeFiles/cmTC_b87c7.dir/link.txt --verbose=1
/usr/bin/cc   -Wextra -Wall -pedantic -Wbad-function-cast -Wconversion -Winline -Wmissing-declarations -Wmissing-prototypes -Wnested-externs -Wno-long-long -Wno-multichar -Wpointer-arith -Wshadow -Wsign-compare -Wundef -Wunused -Wwrite-strings -Wcast-align -Wdeclaration-after-statement -Wempty-body -Wendif-labels -Wfloat-equal -Wignored-qualifiers -Wno-format-nonliteral -Wno-sign-conversion -Wno-system-headers -Wstrict-prototypes -Wtype-limits -Wvla -Wshift-sign-overflow -Wshorten-64-to-32 -Wdouble-promotion -Wenum-conversion -Wunused-const-variable -Wcomma -Wmissing-variable-declarations -Wassign-enum -Wextra-semi-stmt -DHAVE_FCNTL_O_NONBLOCK  -DHAVE_INTTYPES_H -DHAVE_SYS_FILIO_H -DHAVE_SYS_WAIT_H -DHAVE_SYS_IOCTL_H -DHAVE_SYS_PARAM_H -DHAVE_SYS_POLL_H -DHAVE_SYS_RESOURCE_H -DHAVE_SYS_SELECT_H -DHAVE_SYS_SOCKET_H -DHAVE_SYS_SOCKIO_H -DHAVE_SYS_STAT_H -DHAVE_SYS_TIME_H -DHAVE_SYS_TYPES_H -DHAVE_SYS_UN_H -DHAVE_SYS_XATTR_H -DHAVE_ARPA_INET_H -DHAVE_FCNTL_H -DHAVE_IDN2_H -DHAVE_IFADDRS_H -DHAVE_LIBGEN_H -DHAVE_LOCALE_H -DHAVE_NET_IF_H -DHAVE_NETDB_H -DHAVE_NETINET_IN_H -DHAVE_NETINET_TCP_H -DHAVE_NETINET_UDP_H -DHAVE_POLL_H -DHAVE_PWD_H -DHAVE_STDATOMIC_H -DHAVE_STDBOOL_H -DHAVE_STDINT_H -DHAVE_STRINGS_H -DHAVE_TERMIOS_H -DHAVE_UNISTD_H -DHAVE_UTIME_H -arch arm64 CMakeFiles/cmTC_b87c7.dir/CurlTests.c.o -o cmTC_b87c7


Performing Curl Test HAVE_IOCTL_FIONBIO passed with the following output:
Change Dir: '/Users/krishnachamarthy/Documents/Interview/interview_template/build/CMakeFiles/CMakeTmp'

Run Build Command(s): /opt/homebrew/bin/cmake -E env VERBOSE=1 /usr/bin/make -f Makefile cmTC_e2b96/fast
/Applications/Xcode.app/Contents/Developer/usr/bin/make  -f CMakeFiles/cmTC_e2b96.dir/build.make CMakeFiles/cmTC_e2b96.dir/build
Building C object CMakeFiles/cmTC_e2b96.dir/CurlTests.c.o
/usr/bin/cc   -Wextra -Wall -pedantic -Wbad-function-cast -Wconversion -Winline -Wmissing-declarations -Wmissing-prototypes -Wnested-externs -Wno-long-long -Wno-multichar -Wpointer-arith -Wshadow -Wsign-compare -Wundef -Wunused -Wwrite-strings -Wcast-align -Wdeclaration-after-statement -Wempty-body -Wendif-labels -Wfloat-equal -Wignored-qualifiers -Wno-format-nonliteral -Wno-sign-conversion -Wno-system-headers -Wstrict-prototypes -Wtype-limits -Wvla -Wshift-sign-overflow -Wshorten-64-to-32 -Wdouble-promotion -Wenum-conversion -Wunused-const-variable -Wcomma -Wmissing-variable-declarations -Wassign-enum -Wextra-semi-stmt -DHAVE_IOCTL_FIONBIO  -DHAVE_INTTYPES_H -DHAVE_SYS_FILIO_H -DHAVE_SYS_WAIT_H -DHAVE_SYS_IOCTL_H -DHAVE_SYS_PARAM_H -DHAVE_SYS_POLL_H -DHAVE_SYS_RESOURCE_H -DHAVE_SYS_SELECT_H -DHAVE_SYS_SOCKET_H -DHAVE_SYS_SOCKIO_H -DHAVE_SYS_STAT_H -DHAVE_SYS_TIME_H -DHAVE_SYS_TYPES_H -DHAVE_SYS_UN_H -DHAVE_SYS_XATTR_H -DHAVE_ARPA_INET_H -DHAVE_FCNTL_H -DHAVE_IDN2_H -DHAVE_IFADDRS_H -DHAVE_LIBGEN_H -DHAVE_LOCALE_H -DHAVE_NET_IF_H -DHAVE_NETDB_H -DHAVE_NETINET_IN_H -DHAVE_NETINET_TCP_H -DHAVE_NETINET_UDP_H -DHAVE_POLL_H -DHAVE_PWD_H -DHAVE_STDATOMIC_H -DHAVE_STDBOOL_H -DHAVE_STDINT_H -DHAVE_STRINGS_H -DHAVE_TERMIOS_H -DHAVE_UNISTD_H -DHAVE_UTIME_H -arch arm64 -MD -MT CMakeFiles/cmTC_e2b96.dir/CurlTests.c.o -MF CMakeFiles/cmTC_e2b96.dir/CurlTests.c.o.d -o CMakeFiles/cmTC_e2b96.dir/CurlTests.c.o -c /Users/krishnachamarthy/Documents/Interview/interview_template/build/_deps/curl-src/CMake/CurlTests.c
/Users/krishnachamarthy/Documents/Interview/interview_template/build/_deps/curl-src/CMake/CurlTests.c:302:6: warning: a function declaration without a prototype is deprecated in all versions of C [-Wstrict-prototypes]
  302 | main ()
      |      ^
      |       void
/Users/krishnachamarthy/Documents/Interview/interview_template/build/_deps/curl-src/CMake/CurlTests.c:309:3: warning: empty expression statement has no effect; remove unnecessary ';' to silence this warning [-Wextra-semi-stmt]
  309 |   ;
      |   ^
2 warnings generated.
Linking C executable cmTC_e2b96
/opt/homebrew/bin/cmake -E cmake_link_script CMakeFiles/cmTC_e2b96.dir/link.txt --verbose=1
/usr/bin/cc   -Wextra -Wall -pedantic -Wbad-function-cast -Wconversion -Winline -Wmissing-declarations -Wmissing-prototypes -Wnested-externs -Wno-long-long -Wno-multichar -Wpointer-arith -Wshadow -Wsign-compare -Wundef -Wunused -Wwrite-strings -Wcast-align -Wdeclaration-after-statement -Wempty-body -Wendif-labels -Wfloat-equal -Wignored-qualifiers -Wno-format-nonliteral -Wno-sign-conversion -Wno-system-headers -Wstrict-prototypes -Wtype-limits -Wvla -Wshift-sign-overflow -Wshorten-64-to-32 -Wdouble-promotion -Wenum-conversion -Wunused-const-variable -Wcomma -Wmissing-variable-declarations -Wassign-enum -Wextra-semi-stmt -DHAVE_IOCTL_FIONBIO  -DHAVE_INTTYPES_H -DHAVE_SYS_FILIO_H -DHAVE_SYS_WAIT_H -DHAVE_SYS_IOCTL_H -DHAVE_SYS_PARAM_H -DHAVE_SYS_POLL_H -DHAVE_SYS_RESOURCE_H -DHAVE_SYS_SELECT_H -DHAVE_SYS_SOCKET_H -DHAVE_SYS_SOCKIO_H -DHAVE_SYS_STAT_H -DHAVE_SYS_TIME_H -DHAVE_SYS_TYPES_H -DHAVE_SYS_UN_H -DHAVE_SYS_XATTR_H -DHAVE_ARPA_INET_H -DHAVE_FCNTL_H -DHAVE_IDN2_H -DHAVE_IFADDRS_H -DHAVE_LIBGEN_H -DHAVE_LOCALE_H -DHAVE_NET_IF_H -DHAVE_NETDB_H -DHAVE_NETINET_IN_H -DHAVE_NETINET_TCP_H -DHAVE_NETINET_UDP_H -DHAVE_POLL_H -DHAVE_PWD_H -DHAVE_STDATOMIC_H -DHAVE_STDBOOL_H -DHAVE_STDINT_H -DHAVE_STRINGS_H -DHAVE_TERMIOS_H -DHAVE_UNISTD_H -DHAVE_UTIME_H -arch arm64 CMakeFiles/cmTC_e2b96.dir/CurlTests.c.o -o cmTC_e2b96


Performing Curl Test HAVE_IOCTL_SIOCGIFADDR passed with the following output:
Change Dir: '/Users/krishnachamarthy/Documents/Interview/interview_template/build/CMakeFiles/CMakeTmp'

Run Build Command(s): /opt/homebrew/bin/cmake -E env VERBOSE=1 /usr/bin/make -f Makefile cmTC_d500d/fast
/Applications/Xcode.app/Contents/Developer/usr/bin/make  -f CMakeFiles/cmTC_d500d.dir/build.make CMakeFiles/cmTC_d500d.dir/build
Building C object CMakeFiles/cmTC_d500d.dir/CurlTests.c.o
/usr/bin/cc   -Wextra -Wall -pedantic -Wbad-function-cast -Wconversion -Winline -Wmissing-declarations -Wmissing-prototypes -Wnested-externs -Wno-long-long -Wno-multichar -Wpointer-arith -Wshadow -Wsign-compare -Wundef -Wunused -Wwrite-strings -Wcast-align -Wdeclaration-after-statement -Wempty-body -Wendif-labels -Wfloat-equal -Wignored-qualifiers -Wno-format-nonliteral -Wno-sign-conversion -Wno-system-headers -Wstrict-prototypes -Wtype-limits -Wvla -Wshift-sign-overflow -Wshorten-64-to-32 -Wdouble-promotion -Wenum-conversion -Wunused-const-variable -Wcomma -Wmissing-variable-declarations -Wassign-enum -Wextra-semi-stmt -DHAVE_IOCTL_SIOCGIFADDR  -DHAVE_INTTYPES_H -DHAVE_SYS_FILIO_H -DHAVE_SYS_WAIT_H -DHAVE_SYS_IOCTL_H -DHAVE_SYS_PARAM_H -DHAVE_SYS_POLL_H -DHAVE_SYS_RESOURCE_H -DHAVE_SYS_SELECT_H -DHAVE_SYS_SOCKET_H -DHAVE_SYS_SOCKIO_H -DHAVE_SYS_STAT_H -DHAVE_SYS_TIME_H -DHAVE_SYS_TYPES_H -DHAVE_SYS_UN_H -DHAVE_SYS_XATTR_H -DHAVE_ARPA_INET_H -DHAVE_FCNTL_H -DHAVE_IDN2_H -DHAVE_IFADDRS_H -DHAVE_LIBGEN_H -DHAVE_LOCALE_H -DHAVE_NET_IF_H -DHAVE_NETDB_H -DHAVE_NETINET_IN_H -DHAVE_NETINET_TCP_H -DHAVE_NETINET_UDP_H -DHAVE_POLL_H -DHAVE_PWD_H -DHAVE_STDATOMIC_H -DHAVE_STDBOOL_H -DHAVE_STDINT_H -DHAVE_STRINGS_H -DHAVE_TERMIOS_H -DHAVE_UNISTD_H -DHAVE_UTIME_H -arch arm64 -MD -MT CMakeFiles/cmTC_d500d.dir/CurlTests.c.o -MF CMakeFiles/cmTC_d500d.dir/CurlTests.c.o.d -o CMakeFiles/cmTC_d500d.dir/CurlTests.c.o -c /Users/krishnachamarthy/Documents/Interview/interview_template/build/_deps/curl-src/CMake/CurlTests.c
/Users/krishnachamarthy/Documents/Interview/interview_template/build/_deps/curl-src/CMake/CurlTests.c:334:6: warning: a function declaration without a prototype is deprecated in all versions of C [-Wstrict-prototypes]
  334 | main ()
      |      ^
      |       void
/Users/krishnachamarthy/Documents/Interview/interview_template/build/_deps/curl-src/CMake/CurlTests.c:340:3: warning: empty expression statement has no effect; remove unnecessary ';' to silence this warning [-Wextra-semi-stmt]
  340 |   ;
      |   ^
2 warnings generated.
Linking C executable cmTC_d500d
/opt/homebrew/bin/cmake -E cmake_link_script CMakeFiles/cmTC_d500d.dir/link.txt --verbose=1
/usr/bin/cc   -Wextra -Wall -pedantic -Wbad-function-cast -Wconversion -Winline -Wmissing-declarations -Wmissing-prototypes -Wnested-externs -Wno-long-long -Wno-multichar -Wpointer-arith -Wshadow -Wsign-compare -Wundef -Wunused -Wwrite-strings -Wcast-align -Wdeclaration-after-statement -Wempty-body -Wendif-labels -Wfloat-equal -Wignored-qualifiers -Wno-format-nonliteral -Wno-sign-conversion -Wno-system-headers -Wstrict-prototypes -Wtype-limits -Wvla -Wshift-sign-overflow -Wshorten-64-to-32 -Wdouble-promotion -Wenum-conversion -Wunused-const-variable -Wcomma -Wmissing-variable-declarations -Wassign-enum -Wextra-semi-stmt -DHAVE_IOCTL_SIOCGIFADDR  -DHAVE_INTTYPES_H -DHAVE_SYS_FILIO_H -DHAVE_SYS_WAIT_H -DHAVE_SYS_IOCTL_H -DHAVE_SYS_PARAM_H -DHAVE_SYS_POLL_H -DHAVE_SYS_RESOURCE_H -DHAVE_SYS_SELECT_H -DHAVE_SYS_SOCKET_H -DHAVE_SYS_SOCKIO_H -DHAVE_SYS_STAT_H -DHAVE_SYS_TIME_H -DHAVE_SYS_TYPES_H -DHAVE_SYS_UN_H -DHAVE_SYS_XATTR_H -DHAVE_ARPA_INET_H -DHAVE_FCNTL_H -DHAVE_IDN2_H -DHAVE_IFADDRS_H -DHAVE_LIBGEN_H -DHAVE_LOCALE_H -DHAVE_NET_IF_H -DHAVE_NETDB_H -DHAVE_NETINET_IN_H -DHAVE_NETINET_TCP_H -DHAVE_NETINET_UDP_H -DHAVE_POLL_H -DHAVE_PWD_H -DHAVE_STDATOMIC_H -DHAVE_STDBOOL_H -DHAVE_STDINT_H -DHAVE_STRINGS_H -DHAVE_TERMIOS_H -DHAVE_UNISTD_H -DHAVE_UTIME_H -arch arm64 CMakeFiles/cmTC_d500d.dir/CurlTests.c.o -o cmTC_d500d


Performing Curl Test HAVE_IN_ADDR_T passed with the following output:
Change Dir: '/Users/krishnachamarthy/Documents/Interview/interview_template/build/CMakeFiles/CMakeTmp'

Run Build Command(s): /opt/homebrew/bin/cmake -E env VERBOSE=1 /usr/bin/make -f Makefile cmTC_20494/fast
/Applications/Xcode.app/Contents/Developer/usr/bin/make  -f CMakeFiles/cmTC_20494.dir/build.make CMakeFiles/cmTC_20494.dir/build
Building C object CMakeFiles/cmTC_20494.dir/CurlTests.c.o
/usr/bin/cc   -Wextra -Wall -pedantic -Wbad-function-cast -Wconversion -Winline -Wmissing-declarations -Wmissing-prototypes -Wnested-externs -Wno-long-long -Wno-multichar -Wpointer-arith -Wshadow -Wsign-compare -Wundef -Wunused -Wwrite-strings -Wcast-align -Wdeclaration-after-statement -Wempty-body -Wendif-labels -Wfloat-equal -Wignored-qualifiers -Wno-format-nonliteral -Wno-sign-conversion -Wno-system-headers -Wstrict-prototypes -Wtype-limits -Wvla -Wshift-sign-overflow -Wshorten-64-to-32 -Wdouble-promotion -Wenum-conversion -Wunused-const-variable -Wcomma -Wmissing-variable-declarations -Wassign-enum -Wextra-semi-stmt -DHAVE_IN_ADDR_T  -DHAVE_INTTYPES_H -DHAVE_SYS_FILIO_H -DHAVE_SYS_WAIT_H -DHAVE_SYS_IOCTL_H -DHAVE_SYS_PARAM_H -DHAVE_SYS_POLL_H -DHAVE_SYS_RESOURCE_H -DHAVE_SYS_SELECT_H -DHAVE_SYS_SOCKET_H -DHAVE_SYS_SOCKIO_H -DHAVE_SYS_STAT_H -DHAVE_SYS_TIME_H -DHAVE_SYS_TYPES_H -DHAVE_SYS_UN_H -DHAVE_SYS_XATTR_H -DHAVE_ARPA_INET_H -DHAVE_FCNTL_H -DHAVE_IDN2_H -DHAVE_IFADDRS_H -DHAVE_LIBGEN_H -DHAVE_LOCALE_H -DHAVE_NET_IF_H -DHAVE_NETDB_H -DHAVE_NETINET_IN_H -DHAVE_NETINET_TCP_H -DHAVE_NETINET_UDP_H -DHAVE_POLL_H -DHAVE_PWD_H -DHAVE_STDATOMIC_H -DHAVE_STDBOOL_H -DHAVE_STDINT_H -DHAVE_STRINGS_H -DHAVE_TERMIOS_H -DHAVE_UNISTD_H -DHAVE_UTIME_H -arch arm64 -MD -MT CMakeFiles/cmTC_20494.dir/CurlTests.c.o -MF CMakeFiles/cmTC_20494.dir/CurlTests.c.o.d -o CMakeFiles/cmTC_20494.dir/CurlTests.c.o -c /Users/krishnachamarthy/Documents/Interview/interview_template/build/_deps/curl-src/CMake/CurlTests.c
/Users/krishnachamarthy/Documents/Interview/interview_template/build/_deps/curl-src/CMake/CurlTests.c:135:6: warning: a function declaration without a prototype is deprecated in all versions of C [-Wstrict-prototypes]
  135 | main ()
      |      ^
      |       void
/Users/krishnachamarthy/Documents/Interview/interview_template/build/_deps/curl-src/CMake/CurlTests.c:141:3: warning: empty expression statement has no effect; remove unnecessary ';' to silence this warning [-Wextra-semi-stmt]
  141 |   ;
      |   ^
2 warnings generated.
Linking C executable cmTC_20494
/opt/homebrew/bin/cmake -E cmake_link_script CMakeFiles/cmTC_20494.dir/link.txt --verbose=1
/usr/bin/cc   -Wextra -Wall -pedantic -Wbad-function-cast -Wconversion -Winline -Wmissing-declarations -Wmissing-prototypes -Wnested-externs -Wno-long-long -Wno-multichar -Wpointer-arith -Wshadow -Wsign-compare -Wundef -Wunused -Wwrite-strings -Wcast-align -Wdeclaration-after-statement -Wempty-body -Wendif-labels -Wfloat-equal -Wignored-qualifiers -Wno-format-nonliteral -Wno-sign-conversion -Wno-system-headers -Wstrict-prototypes -Wtype-limits -Wvla -Wshift-sign-overflow -Wshorten-64-to-32 -Wdouble-promotion -Wenum-conversion -Wunused-const-variable -Wcomma -Wmissing-variable-declarations -Wassign-enum -Wextra-semi-stmt -DHAVE_IN_ADDR_T  -DHAVE_INTTYPES_H -DHAVE_SYS_FILIO_H -DHAVE_SYS_WAIT_H -DHAVE_SYS_IOCTL_H -DHAVE_SYS_PARAM_H -DHAVE_SYS_POLL_H -DHAVE_SYS_RESOURCE_H -DHAVE_SYS_SELECT_H -DHAVE_SYS_SOCKET_H -DHAVE_SYS_SOCKIO_H -DHAVE_SYS_STAT_H -DHAVE_SYS_TIME_H -DHAVE_SYS_TYPES_H -DHAVE_SYS_UN_H -DHAVE_SYS_XATTR_H -DHAVE_ARPA_INET_H -DHAVE_FCNTL_H -DHAVE_IDN2_H -DHAVE_IFADDRS_H -DHAVE_LIBGEN_H -DHAVE_LOCALE_H -DHAVE_NET_IF_H -DHAVE_NETDB_H -DHAVE_NETINET_IN_H -DHAVE_NETINET_TCP_H -DHAVE_NETINET_UDP_H -DHAVE_POLL_H -DHAVE_PWD_H -DHAVE_STDATOMIC_H -DHAVE_STDBOOL_H -DHAVE_STDINT_H -DHAVE_STRINGS_H -DHAVE_TERMIOS_H -DHAVE_UNISTD_H -DHAVE_UTIME_H -arch arm64 CMakeFiles/cmTC_20494.dir/CurlTests.c.o -o cmTC_20494


Performing Curl Test HAVE_BOOL_T passed with the following output:
Change Dir: '/Users/krishnachamarthy/Documents/Interview/interview_template/build/CMakeFiles/CMakeTmp'

Run Build Command(s): /opt/homebrew/bin/cmake -E env VERBOSE=1 /usr/bin/make -f Makefile cmTC_97acd/fast
/Applications/Xcode.app/Contents/Developer/usr/bin/make  -f CMakeFiles/cmTC_97acd.dir/build.make CMakeFiles/cmTC_97acd.dir/build
Building C object CMakeFiles/cmTC_97acd.dir/CurlTests.c.o
/usr/bin/cc   -Wextra -Wall -pedantic -Wbad-function-cast -Wconversion -Winline -Wmissing-declarations -Wmissing-prototypes -Wnested-externs -Wno-long-long -Wno-multichar -Wpointer-arith -Wshadow -Wsign-compare -Wundef -Wunused -Wwrite-strings -Wcast-align -Wdeclaration-after-statement -Wempty-body -Wendif-labels -Wfloat-equal -Wignored-qualifiers -Wno-format-nonliteral -Wno-sign-conversion -Wno-system-headers -Wstrict-prototypes -Wtype-limits -Wvla -Wshift-sign-overflow -Wshorten-64-to-32 -Wdouble-promotion -Wenum-conversion -Wunused-const-variable -Wcomma -Wmissing-variable-declarations -Wassign-enum -Wextra-semi-stmt -DHAVE_BOOL_T  -DHAVE_INTTYPES_H -DHAVE_SYS_FILIO_H -DHAVE_SYS_WAIT_H -DHAVE_SYS_IOCTL_H -DHAVE_SYS_PARAM_H -DHAVE_SYS_POLL_H -DHAVE_SYS_RESOURCE_H -DHAVE_SYS_SELECT_H -DHAVE_SYS_SOCKET_H -DHAVE_SYS_SOCKIO_H -DHAVE_SYS_STAT_H -DHAVE_SYS_TIME_H -DHAVE_SYS_TYPES_H -DHAVE_SYS_UN_H -DHAVE_SYS_XATTR_H -DHAVE_ARPA_INET_H -DHAVE_FCNTL_H -DHAVE_IDN2_H -DHAVE_IFADDRS_H -DHAVE_LIBGEN_H -DHAVE_LOCALE_H -DHAVE_NET_IF_H -DHAVE_NETDB_H -DHAVE_NETINET_IN_H -DHAVE_NETINET_TCP_H -DHAVE_NETINET_UDP_H -DHAVE_POLL_H -DHAVE_PWD_H -DHAVE_STDATOMIC_H -DHAVE_STDBOOL_H -DHAVE_STDINT_H -DHAVE_STRINGS_H -DHAVE_TERMIOS_H -DHAVE_UNISTD_H -DHAVE_UTIME_H -arch arm64 -MD -MT CMakeFiles/cmTC_97acd.dir/CurlTests.c.o -MF CMakeFiles/cmTC_97acd.dir/CurlTests.c.o.d -o CMakeFiles/cmTC_97acd.dir/CurlTests.c.o -c /Users/krishnachamarthy/Documents/Interview/interview_template/build/_deps/curl-src/CMake/CurlTests.c
/Users/krishnachamarthy/Documents/Interview/interview_template/build/_deps/curl-src/CMake/CurlTests.c:154:6: warning: a function declaration without a prototype is deprecated in all versions of C [-Wstrict-prototypes]
  154 | main ()
      |      ^
      |       void
/Users/krishnachamarthy/Documents/Interview/interview_template/build/_deps/curl-src/CMake/CurlTests.c:158:3: warning: empty expression statement has no effect; remove unnecessary ';' to silence this warning [-Wextra-semi-stmt]
  158 |   ;
      |   ^
2 warnings generated.
Linking C executable cmTC_97acd
/opt/homebrew/bin/cmake -E cmake_link_script CMakeFiles/cmTC_97acd.dir/link.txt --verbose=1
/usr/bin/cc   -Wextra -Wall -pedantic -Wbad-function-cast -Wconversion -Winline -Wmissing-declarations -Wmissing-prototypes -Wnested-externs -Wno-long-long -Wno-multichar -Wpointer-arith -Wshadow -Wsign-compare -Wundef -Wunused -Wwrite-strings -Wcast-align -Wdeclaration-after-statement -Wempty-body -Wendif-labels -Wfloat-equal -Wignored-qualifiers -Wno-format-nonliteral -Wno-sign-conversion -Wno-system-headers -Wstrict-prototypes -Wtype-limits -Wvla -Wshift-sign-overflow -Wshorten-64-to-32 -Wdouble-promotion -Wenum-conversion -Wunused-const-variable -Wcomma -Wmissing-variable-declarations -Wassign-enum -Wextra-semi-stmt -DHAVE_BOOL_T  -DHAVE_INTTYPES_H -DHAVE_SYS_FILIO_H -DHAVE_SYS_WAIT_H -DHAVE_SYS_IOCTL_H -DHAVE_SYS_PARAM_H -DHAVE_SYS_POLL_H -DHAVE_SYS_RESOURCE_H -DHAVE_SYS_SELECT_H -DHAVE_SYS_SOCKET_H -DHAVE_SYS_SOCKIO_H -DHAVE_SYS_STAT_H -DHAVE_SYS_TIME_H -DHAVE_SYS_TYPES_H -DHAVE_SYS_UN_H -DHAVE_SYS_XATTR_H -DHAVE_ARPA_INET_H -DHAVE_FCNTL_H -DHAVE_IDN2_H -DHAVE_IFADDRS_H -DHAVE_LIBGEN_H -DHAVE_LOCALE_H -DHAVE_NET_IF_H -DHAVE_NETDB_H -DHAVE_NETINET_IN_H -DHAVE_NETINET_TCP_H -DHAVE_NETINET_UDP_H -DHAVE_POLL_H -DHAVE_PWD_H -DHAVE_STDATOMIC_H -DHAVE_STDBOOL_H -DHAVE_STDINT_H -DHAVE_STRINGS_H -DHAVE_TERMIOS_H -DHAVE_UNISTD_H -DHAVE_UTIME_H -arch arm64 CMakeFiles/cmTC_97acd.dir/CurlTests.c.o -o cmTC_97acd


Performing Curl Test STDC_HEADERS passed with the following output:
Change Dir: '/Users/krishnachamarthy/Documents/Interview/interview_template/build/CMakeFiles/CMakeTmp'

Run Build Command(s): /opt/homebrew/bin/cmake -E env VERBOSE=1 /usr/bin/make -f Makefile cmTC_44589/fast
/Applications/Xcode.app/Contents/Developer/usr/bin/make  -f CMakeFiles/cmTC_44589.dir/build.make CMakeFiles/cmTC_44589.dir/build
Building C object CMakeFiles/cmTC_44589.dir/CurlTests.c.o
/usr/bin/cc   -Wextra -Wall -pedantic -Wbad-function-cast -Wconversion -Winline -Wmissing-declarations -Wmissing-prototypes -Wnested-externs -Wno-long-long -Wno-multichar -Wpointer-arith -Wshadow -Wsign-compare -Wundef -Wunused -Wwrite-strings -Wcast-align -Wdeclaration-after-statement -Wempty-body -Wendif-labels -Wfloat-equal -Wignored-qualifiers -Wno-format-nonliteral -Wno-sign-conversion -Wno-system-headers -Wstrict-prototypes -Wtype-limits -Wvla -Wshift-sign-overflow -Wshorten-64-to-32 -Wdouble-promotion -Wenum-conversion -Wunused-const-variable -Wcomma -Wmissing-variable-declarations -Wassign-enum -Wextra-semi-stmt -DSTDC_HEADERS  -DHAVE_INTTYPES_H -DHAVE_SYS_FILIO_H -DHAVE_SYS_WAIT_H -DHAVE_SYS_IOCTL_H -DHAVE_SYS_PARAM_H -DHAVE_SYS_POLL_H -DHAVE_SYS_RESOURCE_H -DHAVE_SYS_SELECT_H -DHAVE_SYS_SOCKET_H -DHAVE_SYS_SOCKIO_H -DHAVE_SYS_STAT_H -DHAVE_SYS_TIME_H -DHAVE_SYS_TYPES_H -DHAVE_SYS_UN_H -DHAVE_SYS_XATTR_H -DHAVE_ARPA_INET_H -DHAVE_FCNTL_H -DHAVE_IDN2_H -DHAVE_IFADDRS_H -DHAVE_LIBGEN_H -DHAVE_LOCALE_H -DHAVE_NET_IF_H -DHAVE_NETDB_H -DHAVE_NETINET_IN_H -DHAVE_NETINET_TCP_H -DHAVE_NETINET_UDP_H -DHAVE_POLL_H -DHAVE_PWD_H -DHAVE_STDATOMIC_H -DHAVE_STDBOOL_H -DHAVE_STDINT_H -DHAVE_STRINGS_H -DHAVE_TERMIOS_H -DHAVE_UNISTD_H -DHAVE_UTIME_H -arch arm64 -MD -MT CMakeFiles/cmTC_44589.dir/CurlTests.c.o -MF CMakeFiles/cmTC_44589.dir/CurlTests.c.o.d -o CMakeFiles/cmTC_44589.dir/CurlTests.c.o -c /Users/krishnachamarthy/Documents/Interview/interview_template/build/_deps/curl-src/CMake/CurlTests.c
/Users/krishnachamarthy/Documents/Interview/interview_template/build/_deps/curl-src/CMake/CurlTests.c:168:9: warning: a function declaration without a prototype is deprecated in all versions of C [-Wstrict-prototypes]
  168 | int main() { return 0; }
      |         ^
      |          void
1 warning generated.
Linking C executable cmTC_44589
/opt/homebrew/bin/cmake -E cmake_link_script CMakeFiles/cmTC_44589.dir/link.txt --verbose=1
/usr/bin/cc   -Wextra -Wall -pedantic -Wbad-function-cast -Wconversion -Winline -Wmissing-declarations -Wmissing-prototypes -Wnested-externs -Wno-long-long -Wno-multichar -Wpointer-arith -Wshadow -Wsign-compare -Wundef -Wunused -Wwrite-strings -Wcast-align -Wdeclaration-after-statement -Wempty-body -Wendif-labels -Wfloat-equal -Wignored-qualifiers -Wno-format-nonliteral -Wno-sign-conversion -Wno-system-headers -Wstrict-prototypes -Wtype-limits -Wvla -Wshift-sign-overflow -Wshorten-64-to-32 -Wdouble-promotion -Wenum-conversion -Wunused-const-variable -Wcomma -Wmissing-variable-declarations -Wassign-enum -Wextra-semi-stmt -DSTDC_HEADERS  -DHAVE_INTTYPES_H -DHAVE_SYS_FILIO_H -DHAVE_SYS_WAIT_H -DHAVE_SYS_IOCTL_H -DHAVE_SYS_PARAM_H -DHAVE_SYS_POLL_H -DHAVE_SYS_RESOURCE_H -DHAVE_SYS_SELECT_H -DHAVE_SYS_SOCKET_H -DHAVE_SYS_SOCKIO_H -DHAVE_SYS_STAT_H -DHAVE_SYS_TIME_H -DHAVE_SYS_TYPES_H -DHAVE_SYS_UN_H -DHAVE_SYS_XATTR_H -DHAVE_ARPA_INET_H -DHAVE_FCNTL_H -DHAVE_IDN2_H -DHAVE_IFADDRS_H -DHAVE_LIBGEN_H -DHAVE_LOCALE_H -DHAVE_NET_IF_H -DHAVE_NETDB_H -DHAVE_NETINET_IN_H -DHAVE_NETINET_TCP_H -DHAVE_NETINET_UDP_H -DHAVE_POLL_H -DHAVE_PWD_H -DHAVE_STDATOMIC_H -DHAVE_STDBOOL_H -DHAVE_STDINT_H -DHAVE_STRINGS_H -DHAVE_TERMIOS_H -DHAVE_UNISTD_H -DHAVE_UTIME_H -arch arm64 CMakeFiles/cmTC_44589.dir/CurlTests.c.o -o cmTC_44589


Performing Curl Test HAVE_FILE_OFFSET_BITS passed with the following output:
Change Dir: '/Users/krishnachamarthy/Documents/Interview/interview_template/build/CMakeFiles/CMakeTmp'

Run Build Command(s): /opt/homebrew/bin/cmake -E env VERBOSE=1 /usr/bin/make -f Makefile cmTC_3d213/fast
/Applications/Xcode.app/Contents/Developer/usr/bin/make  -f CMakeFiles/cmTC_3d213.dir/build.make CMakeFiles/cmTC_3d213.dir/build
Building C object CMakeFiles/cmTC_3d213.dir/CurlTests.c.o
/usr/bin/cc   -Wextra -Wall -pedantic -Wbad-function-cast -Wconversion -Winline -Wmissing-declarations -Wmissing-prototypes -Wnested-externs -Wno-long-long -Wno-multichar -Wpointer-arith -Wshadow -Wsign-compare -Wundef -Wunused -Wwrite-strings -Wcast-align -Wdeclaration-after-statement -Wempty-body -Wendif-labels -Wfloat-equal -Wignored-qualifiers -Wno-format-nonliteral -Wno-sign-conversion -Wno-system-headers -Wstrict-prototypes -Wtype-limits -Wvla -Wshift-sign-overflow -Wshorten-64-to-32 -Wdouble-promotion -Wenum-conversion -Wunused-const-variable -Wcomma -Wmissing-variable-declarations -Wassign-enum -Wextra-semi-stmt -DHAVE_FILE_OFFSET_BITS  -DHAVE_INTTYPES_H -DHAVE_SYS_FILIO_H -DHAVE_SYS_WAIT_H -DHAVE_SYS_IOCTL_H -DHAVE_SYS_PARAM_H -DHAVE_SYS_POLL_H -DHAVE_SYS_RESOURCE_H -DHAVE_SYS_SELECT_H -DHAVE_SYS_SOCKET_H -DHAVE_SYS_SOCKIO_H -DHAVE_SYS_STAT_H -DHAVE_SYS_TIME_H -DHAVE_SYS_TYPES_H -DHAVE_SYS_UN_H -DHAVE_SYS_XATTR_H -DHAVE_ARPA_INET_H -DHAVE_FCNTL_H -DHAVE_IDN2_H -DHAVE_IFADDRS_H -DHAVE_LIBGEN_H -DHAVE_LOCALE_H -DHAVE_NET_IF_H -DHAVE_NETDB_H -DHAVE_NETINET_IN_H -DHAVE_NETINET_TCP_H -DHAVE_NETINET_UDP_H -DHAVE_POLL_H -DHAVE_PWD_H -DHAVE_STDATOMIC_H -DHAVE_STDBOOL_H -DHAVE_STDINT_H -DHAVE_STRINGS_H -DHAVE_TERMIOS_H -DHAVE_UNISTD_H -DHAVE_UTIME_H -arch arm64 -MD -MT CMakeFiles/cmTC_3d213.dir/CurlTests.c.o -MF CMakeFiles/cmTC_3d213.dir/CurlTests.c.o.d -o CMakeFiles/cmTC_3d213.dir/CurlTests.c.o -c /Users/krishnachamarthy/Documents/Interview/interview_template/build/_deps/curl-src/CMake/CurlTests.c
/Users/krishnachamarthy/Documents/Interview/interview_template/build/_deps/curl-src/CMake/CurlTests.c:184:10: warning: a function declaration without a prototype is deprecated in all versions of C [-Wstrict-prototypes]
  184 | int main () { ; return 0; }
      |          ^
      |           void
/Users/krishnachamarthy/Documents/Interview/interview_template/build/_deps/curl-src/CMake/CurlTests.c:184:15: warning: empty expression statement has no effect; remove unnecessary ';' to silence this warning [-Wextra-semi-stmt]
  184 | int main () { ; return 0; }
      |               ^
/Users/krishnachamarthy/Documents/Interview/interview_template/build/_deps/curl-src/CMake/CurlTests.c:181:7: warning: no previous extern declaration for non-static variable 'off_t_is_large' [-Wmissing-variable-declarations]
  181 |   int off_t_is_large[(LARGE_OFF_T % 2147483629 == 721
      |       ^
/Users/krishnachamarthy/Documents/Interview/interview_template/build/_deps/curl-src/CMake/CurlTests.c:181:3: note: declare 'static' if the variable is not intended to be used outside of this translation unit
  181 |   int off_t_is_large[(LARGE_OFF_T % 2147483629 == 721
      |   ^
3 warnings generated.
Linking C executable cmTC_3d213
/opt/homebrew/bin/cmake -E cmake_link_script CMakeFiles/cmTC_3d213.dir/link.txt --verbose=1
/usr/bin/cc   -Wextra -Wall -pedantic -Wbad-function-cast -Wconversion -Winline -Wmissing-declarations -Wmissing-prototypes -Wnested-externs -Wno-long-long -Wno-multichar -Wpointer-arith -Wshadow -Wsign-compare -Wundef -Wunused -Wwrite-strings -Wcast-align -Wdeclaration-after-statement -Wempty-body -Wendif-labels -Wfloat-equal -Wignored-qualifiers -Wno-format-nonliteral -Wno-sign-conversion -Wno-system-headers -Wstrict-prototypes -Wtype-limits -Wvla -Wshift-sign-overflow -Wshorten-64-to-32 -Wdouble-promotion -Wenum-conversion -Wunused-const-variable -Wcomma -Wmissing-variable-declarations -Wassign-enum -Wextra-semi-stmt -DHAVE_FILE_OFFSET_BITS  -DHAVE_INTTYPES_H -DHAVE_SYS_FILIO_H -DHAVE_SYS_WAIT_H -DHAVE_SYS_IOCTL_H -DHAVE_SYS_PARAM_H -DHAVE_SYS_POLL_H -DHAVE_SYS_RESOURCE_H -DHAVE_SYS_SELECT_H -DHAVE_SYS_SOCKET_H -DHAVE_SYS_SOCKIO_H -DHAVE_SYS_STAT_H -DHAVE_SYS_TIME_H -DHAVE_SYS_TYPES_H -DHAVE_SYS_UN_H -DHAVE_SYS_XATTR_H -DHAVE_ARPA_INET_H -DHAVE_FCNTL_H -DHAVE_IDN2_H -DHAVE_IFADDRS_H -DHAVE_LIBGEN_H -DHAVE_LOCALE_H -DHAVE_NET_IF_H -DHAVE_NETDB_H -DHAVE_NETINET_IN_H -DHAVE_NETINET_TCP_H -DHAVE_NETINET_UDP_H -DHAVE_POLL_H -DHAVE_PWD_H -DHAVE_STDATOMIC_H -DHAVE_STDBOOL_H -DHAVE_STDINT_H -DHAVE_STRINGS_H -DHAVE_TERMIOS_H -DHAVE_UNISTD_H -DHAVE_UTIME_H -arch arm64 CMakeFiles/cmTC_3d213.dir/CurlTests.c.o -o cmTC_3d213


Performing Curl Test HAVE_VARIADIC_MACROS_C99 passed with the following output:
Change Dir: '/Users/krishnachamarthy/Documents/Interview/interview_template/build/CMakeFiles/CMakeTmp'

Run Build Command(s): /opt/homebrew/bin/cmake -E env VERBOSE=1 /usr/bin/make -f Makefile cmTC_ef617/fast
/Applications/Xcode.app/Contents/Developer/usr/bin/make  -f CMakeFiles/cmTC_ef617.dir/build.make CMakeFiles/cmTC_ef617.dir/build
Building C object CMakeFiles/cmTC_ef617.dir/CurlTests.c.o
/usr/bin/cc   -Wextra -Wall -pedantic -Wbad-function-cast -Wconversion -Winline -Wmissing-declarations -Wmissing-prototypes -Wnested-externs -Wno-long-long -Wno-multichar -Wpointer-arith -Wshadow -Wsign-compare -Wundef -Wunused -Wwrite-strings -Wcast-align -Wdeclaration-after-statement -Wempty-body -Wendif-labels -Wfloat-equal -Wignored-qualifiers -Wno-format-nonliteral -Wno-sign-conversion -Wno-system-headers -Wstrict-prototypes -Wtype-limits -Wvla -Wshift-sign-overflow -Wshorten-64-to-32 -Wdouble-promotion -Wenum-conversion -Wunused-const-variable -Wcomma -Wmissing-variable-declarations -Wassign-enum -Wextra-semi-stmt -DHAVE_VARIADIC_MACROS_C99  -DHAVE_INTTYPES_H -DHAVE_SYS_FILIO_H -DHAVE_SYS_WAIT_H -DHAVE_SYS_IOCTL_H -DHAVE_SYS_PARAM_H -DHAVE_SYS_POLL_H -DHAVE_SYS_RESOURCE_H -DHAVE_SYS_SELECT_H -DHAVE_SYS_SOCKET_H -DHAVE_SYS_SOCKIO_H -DHAVE_SYS_STAT_H -DHAVE_SYS_TIME_H -DHAVE_SYS_TYPES_H -DHAVE_SYS_UN_H -DHAVE_SYS_XATTR_H -DHAVE_ARPA_INET_H -DHAVE_FCNTL_H -DHAVE_IDN2_H -DHAVE_IFADDRS_H -DHAVE_LIBGEN_H -DHAVE_LOCALE_H -DHAVE_NET_IF_H -DHAVE_NETDB_H -DHAVE_NETINET_IN_H -DHAVE_NETINET_TCP_H -DHAVE_NETINET_UDP_H -DHAVE_POLL_H -DHAVE_PWD_H -DHAVE_STDATOMIC_H -DHAVE_STDBOOL_H -DHAVE_STDINT_H -DHAVE_STRINGS_H -DHAVE_TERMIOS_H -DHAVE_UNISTD_H -DHAVE_UTIME_H -arch arm64 -MD -MT CMakeFiles/cmTC_ef617.dir/CurlTests.c.o -MF CMakeFiles/cmTC_ef617.dir/CurlTests.c.o.d -o CMakeFiles/cmTC_ef617.dir/CurlTests.c.o -c /Users/krishnachamarthy/Documents/Interview/interview_template/build/_deps/curl-src/CMake/CurlTests.c
/Users/krishnachamarthy/Documents/Interview/interview_template/build/_deps/curl-src/CMake/CurlTests.c:449:5: warning: a function declaration without a prototype is deprecated in all versions of C [-Wstrict-prototypes]
  449 | main() {
      |     ^
      |      void
1 warning generated.
Linking C executable cmTC_ef617
/opt/homebrew/bin/cmake -E cmake_link_script CMakeFiles/cmTC_ef617.dir/link.txt --verbose=1
/usr/bin/cc   -Wextra -Wall -pedantic -Wbad-function-cast -Wconversion -Winline -Wmissing-declarations -Wmissing-prototypes -Wnested-externs -Wno-long-long -Wno-multichar -Wpointer-arith -Wshadow -Wsign-compare -Wundef -Wunused -Wwrite-strings -Wcast-align -Wdeclaration-after-statement -Wempty-body -Wendif-labels -Wfloat-equal -Wignored-qualifiers -Wno-format-nonliteral -Wno-sign-conversion -Wno-system-headers -Wstrict-prototypes -Wtype-limits -Wvla -Wshift-sign-overflow -Wshorten-64-to-32 -Wdouble-promotion -Wenum-conversion -Wunused-const-variable -Wcomma -Wmissing-variable-declarations -Wassign-enum -Wextra-semi-stmt -DHAVE_VARIADIC_MACROS_C99  -DHAVE_INTTYPES_H -DHAVE_SYS_FILIO_H -DHAVE_SYS_WAIT_H -DHAVE_SYS_IOCTL_H -DHAVE_SYS_PARAM_H -DHAVE_SYS_POLL_H -DHAVE_SYS_RESOURCE_H -DHAVE_SYS_SELECT_H -DHAVE_SYS_SOCKET_H -DHAVE_SYS_SOCKIO_H -DHAVE_SYS_STAT_H -DHAVE_SYS_TIME_H -DHAVE_SYS_TYPES_H -DHAVE_SYS_UN_H -DHAVE_SYS_XATTR_H -DHAVE_ARPA_INET_H -DHAVE_FCNTL_H -DHAVE_IDN2_H -DHAVE_IFADDRS_H -DHAVE_LIBGEN_H -DHAVE_LOCALE_H -DHAVE_NET_IF_H -DHAVE_NETDB_H -DHAVE_NETINET_IN_H -DHAVE_NETINET_TCP_H -DHAVE_NETINET_UDP_H -DHAVE_POLL_H -DHAVE_PWD_H -DHAVE_STDATOMIC_H -DHAVE_STDBOOL_H -DHAVE_STDINT_H -DHAVE_STRINGS_H -DHAVE_TERMIOS_H -DHAVE_UNISTD_H -DHAVE_UTIME_H -arch arm64 CMakeFiles/cmTC_ef617.dir/CurlTests.c.o -o cmTC_ef617


Performing Curl Test HAVE_VARIADIC_MACROS_GCC passed with the following output:
Change Dir: '/Users/krishnachamarthy/Documents/Interview/interview_template/build/CMakeFiles/CMakeTmp'

Run Build Command(s): /opt/homebrew/bin/cmake -E env VERBOSE=1 /usr/bin/make -f Makefile cmTC_7fd05/fast
/Applications/Xcode.app/Contents/Developer/usr/bin/make  -f CMakeFiles/cmTC_7fd05.dir/build.make CMakeFiles/cmTC_7fd05.dir/build
Building C object CMakeFiles/cmTC_7fd05.dir/CurlTests.c.o
/usr/bin/cc   -Wextra -Wall -pedantic -Wbad-function-cast -Wconversion -Winline -Wmissing-declarations -Wmissing-prototypes -Wnested-externs -Wno-long-long -Wno-multichar -Wpointer-arith -Wshadow -Wsign-compare -Wundef -Wunused -Wwrite-strings -Wcast-align -Wdeclaration-after-statement -Wempty-body -Wendif-labels -Wfloat-equal -Wignored-qualifiers -Wno-format-nonliteral -Wno-sign-conversion -Wno-system-headers -Wstrict-prototypes -Wtype-limits -Wvla -Wshift-sign-overflow -Wshorten-64-to-32 -Wdouble-promotion -Wenum-conversion -Wunused-const-variable -Wcomma -Wmissing-variable-declarations -Wassign-enum -Wextra-semi-stmt -DHAVE_VARIADIC_MACROS_GCC  -DHAVE_INTTYPES_H -DHAVE_SYS_FILIO_H -DHAVE_SYS_WAIT_H -DHAVE_SYS_IOCTL_H -DHAVE_SYS_PARAM_H -DHAVE_SYS_POLL_H -DHAVE_SYS_RESOURCE_H -DHAVE_SYS_SELECT_H -DHAVE_SYS_SOCKET_H -DHAVE_SYS_SOCKIO_H -DHAVE_SYS_STAT_H -DHAVE_SYS_TIME_H -DHAVE_SYS_TYPES_H -DHAVE_SYS_UN_H -DHAVE_SYS_XATTR_H -DHAVE_ARPA_INET_H -DHAVE_FCNTL_H -DHAVE_IDN2_H -DHAVE_IFADDRS_H -DHAVE_LIBGEN_H -DHAVE_LOCALE_H -DHAVE_NET_IF_H -DHAVE_NETDB_H -DHAVE_NETINET_IN_H -DHAVE_NETINET_TCP_H -DHAVE_NETINET_UDP_H -DHAVE_POLL_H -DHAVE_PWD_H -DHAVE_STDATOMIC_H -DHAVE_STDBOOL_H -DHAVE_STDINT_H -DHAVE_STRINGS_H -DHAVE_TERMIOS_H -DHAVE_UNISTD_H -DHAVE_UTIME_H -arch arm64 -MD -MT CMakeFiles/cmTC_7fd05.dir/CurlTests.c.o -MF CMakeFiles/cmTC_7fd05.dir/CurlTests.c.o.d -o CMakeFiles/cmTC_7fd05.dir/CurlTests.c.o -c /Users/krishnachamarthy/Documents/Interview/interview_template/build/_deps/curl-src/CMake/CurlTests.c
/Users/krishnachamarthy/Documents/Interview/interview_template/build/_deps/curl-src/CMake/CurlTests.c:458:32: warning: named variadic macros are a GNU extension [-Wvariadic-macros]
  458 | #define gcc_vmacro3(first, args...) fun3(first, args)
      |                                ^
/Users/krishnachamarthy/Documents/Interview/interview_template/build/_deps/curl-src/CMake/CurlTests.c:459:32: warning: named variadic macros are a GNU extension [-Wvariadic-macros]
  459 | #define gcc_vmacro2(first, args...) fun2(first, args)
      |                                ^
/Users/krishnachamarthy/Documents/Interview/interview_template/build/_deps/curl-src/CMake/CurlTests.c:472:5: warning: a function declaration without a prototype is deprecated in all versions of C [-Wstrict-prototypes]
  472 | main() {
      |     ^
      |      void
3 warnings generated.
Linking C executable cmTC_7fd05
/opt/homebrew/bin/cmake -E cmake_link_script CMakeFiles/cmTC_7fd05.dir/link.txt --verbose=1
/usr/bin/cc   -Wextra -Wall -pedantic -Wbad-function-cast -Wconversion -Winline -Wmissing-declarations -Wmissing-prototypes -Wnested-externs -Wno-long-long -Wno-multichar -Wpointer-arith -Wshadow -Wsign-compare -Wundef -Wunused -Wwrite-strings -Wcast-align -Wdeclaration-after-statement -Wempty-body -Wendif-labels -Wfloat-equal -Wignored-qualifiers -Wno-format-nonliteral -Wno-sign-conversion -Wno-system-headers -Wstrict-prototypes -Wtype-limits -Wvla -Wshift-sign-overflow -Wshorten-64-to-32 -Wdouble-promotion -Wenum-conversion -Wunused-const-variable -Wcomma -Wmissing-variable-declarations -Wassign-enum -Wextra-semi-stmt -DHAVE_VARIADIC_MACROS_GCC  -DHAVE_INTTYPES_H -DHAVE_SYS_FILIO_H -DHAVE_SYS_WAIT_H -DHAVE_SYS_IOCTL_H -DHAVE_SYS_PARAM_H -DHAVE_SYS_POLL_H -DHAVE_SYS_RESOURCE_H -DHAVE_SYS_SELECT_H -DHAVE_SYS_SOCKET_H -DHAVE_SYS_SOCKIO_H -DHAVE_SYS_STAT_H -DHAVE_SYS_TIME_H -DHAVE_SYS_TYPES_H -DHAVE_SYS_UN_H -DHAVE_SYS_XATTR_H -DHAVE_ARPA_INET_H -DHAVE_FCNTL_H -DHAVE_IDN2_H -DHAVE_IFADDRS_H -DHAVE_LIBGEN_H -DHAVE_LOCALE_H -DHAVE_NET_IF_H -DHAVE_NETDB_H -DHAVE_NETINET_IN_H -DHAVE_NETINET_TCP_H -DHAVE_NETINET_UDP_H -DHAVE_POLL_H -DHAVE_PWD_H -DHAVE_STDATOMIC_H -DHAVE_STDBOOL_H -DHAVE_STDINT_H -DHAVE_STRINGS_H -DHAVE_TERMIOS_H -DHAVE_UNISTD_H -DHAVE_UTIME_H -arch arm64 CMakeFiles/cmTC_7fd05.dir/CurlTests.c.o -o cmTC_7fd05


Performing Curl Test HAVE_ATOMIC passed with the following output:
Change Dir: '/Users/krishnachamarthy/Documents/Interview/interview_template/build/CMakeFiles/CMakeTmp'

Run Build Command(s): /opt/homebrew/bin/cmake -E env VERBOSE=1 /usr/bin/make -f Makefile cmTC_28aa8/fast
/Applications/Xcode.app/Contents/Developer/usr/bin/make  -f CMakeFiles/cmTC_28aa8.dir/build.make CMakeFiles/cmTC_28aa8.dir/build
Building C object CMakeFiles/cmTC_28aa8.dir/CurlTests.c.o
/usr/bin/cc   -Wextra -Wall -pedantic -Wbad-function-cast -Wconversion -Winline -Wmissing-declarations -Wmissing-prototypes -Wnested-externs -Wno-long-long -Wno-multichar -Wpointer-arith -Wshadow -Wsign-compare -Wundef -Wunused -Wwrite-strings -Wcast-align -Wdeclaration-after-statement -Wempty-body -Wendif-labels -Wfloat-equal -Wignored-qualifiers -Wno-format-nonliteral -Wno-sign-conversion -Wno-system-headers -Wstrict-prototypes -Wtype-limits -Wvla -Wshift-sign-overflow -Wshorten-64-to-32 -Wdouble-promotion -Wenum-conversion -Wunused-const-variable -Wcomma -Wmissing-variable-declarations -Wassign-enum -Wextra-semi-stmt -DHAVE_ATOMIC  -DHAVE_INTTYPES_H -DHAVE_SYS_FILIO_H -DHAVE_SYS_WAIT_H -DHAVE_SYS_IOCTL_H -DHAVE_SYS_PARAM_H -DHAVE_SYS_POLL_H -DHAVE_SYS_RESOURCE_H -DHAVE_SYS_SELECT_H -DHAVE_SYS_SOCKET_H -DHAVE_SYS_SOCKIO_H -DHAVE_SYS_STAT_H -DHAVE_SYS_TIME_H -DHAVE_SYS_TYPES_H -DHAVE_SYS_UN_H -DHAVE_SYS_XATTR_H -DHAVE_ARPA_INET_H -DHAVE_FCNTL_H -DHAVE_IDN2_H -DHAVE_IFADDRS_H -DHAVE_LIBGEN_H -DHAVE_LOCALE_H -DHAVE_NET_IF_H -DHAVE_NETDB_H -DHAVE_NETINET_IN_H -DHAVE_NETINET_TCP_H -DHAVE_NETINET_UDP_H -DHAVE_POLL_H -DHAVE_PWD_H -DHAVE_STDATOMIC_H -DHAVE_STDBOOL_H -DHAVE_STDINT_H -DHAVE_STRINGS_H -DHAVE_TERMIOS_H -DHAVE_UNISTD_H -DHAVE_UTIME_H -arch arm64 -MD -MT CMakeFiles/cmTC_28aa8.dir/CurlTests.c.o -MF CMakeFiles/cmTC_28aa8.dir/CurlTests.c.o.d -o CMakeFiles/cmTC_28aa8.dir/CurlTests.c.o -c /Users/krishnachamarthy/Documents/Interview/interview_template/build/_deps/curl-src/CMake/CurlTests.c
/Users/krishnachamarthy/Documents/Interview/interview_template/build/_deps/curl-src/CMake/CurlTests.c:494:5: warning: a function declaration without a prototype is deprecated in all versions of C [-Wstrict-prototypes]
  494 | main() {
      |     ^
      |      void
1 warning generated.
Linking C executable cmTC_28aa8
/opt/homebrew/bin/cmake -E cmake_link_script CMakeFiles/cmTC_28aa8.dir/link.txt --verbose=1
/usr/bin/cc   -Wextra -Wall -pedantic -Wbad-function-cast -Wconversion -Winline -Wmissing-declarations -Wmissing-prototypes -Wnested-externs -Wno-long-long -Wno-multichar -Wpointer-arith -Wshadow -Wsign-compare -Wundef -Wunused -Wwrite-strings -Wcast-align -Wdeclaration-after-statement -Wempty-body -Wendif-labels -Wfloat-equal -Wignored-qualifiers -Wno-format-nonliteral -Wno-sign-conversion -Wno-system-headers -Wstrict-prototypes -Wtype-limits -Wvla -Wshift-sign-overflow -Wshorten-64-to-32 -Wdouble-promotion -Wenum-conversion -Wunused-const-variable -Wcomma -Wmissing-variable-declarations -Wassign-enum -Wextra-semi-stmt -DHAVE_ATOMIC  -DHAVE_INTTYPES_H -DHAVE_SYS_FILIO_H -DHAVE_SYS_WAIT_H -DHAVE_SYS_IOCTL_H -DHAVE_SYS_PARAM_H -DHAVE_SYS_POLL_H -DHAVE_SYS_RESOURCE_H -DHAVE_SYS_SELECT_H -DHAVE_SYS_SOCKET_H -DHAVE_SYS_SOCKIO_H -DHAVE_SYS_STAT_H -DHAVE_SYS_TIME_H -DHAVE_SYS_TYPES_H -DHAVE_SYS_UN_H -DHAVE_SYS_XATTR_H -DHAVE_ARPA_INET_H -DHAVE_FCNTL_H -DHAVE_IDN2_H -DHAVE_IFADDRS_H -DHAVE_LIBGEN_H -DHAVE_LOCALE_H -DHAVE_NET_IF_H -DHAVE_NETDB_H -DHAVE_NETINET_IN_H -DHAVE_NETINET_TCP_H -DHAVE_NETINET_UDP_H -DHAVE_POLL_H -DHAVE_PWD_H -DHAVE_STDATOMIC_H -DHAVE_STDBOOL_H -DHAVE_STDINT_H -DHAVE_STRINGS_H -DHAVE_TERMIOS_H -DHAVE_UNISTD_H -DHAVE_UTIME_H -arch arm64 CMakeFiles/cmTC_28aa8.dir/CurlTests.c.o -o cmTC_28aa8


Performing Curl Test HAVE_POSIX_STRERROR_R passed with the following output:
Change Dir: '/Users/krishnachamarthy/Documents/Interview/interview_template/build/CMakeFiles/CMakeTmp'

Run Build Command(s): /opt/homebrew/bin/cmake -E env VERBOSE=1 /usr/bin/make -f Makefile cmTC_3dc46/fast
/Applications/Xcode.app/Contents/Developer/usr/bin/make  -f CMakeFiles/cmTC_3dc46.dir/build.make CMakeFiles/cmTC_3dc46.dir/build
Building C object CMakeFiles/cmTC_3dc46.dir/CurlTests.c.o
/usr/bin/cc   -Wextra -Wall -pedantic -Wbad-function-cast -Wconversion -Winline -Wmissing-declarations -Wmissing-prototypes -Wnested-externs -Wno-long-long -Wno-multichar -Wpointer-arith -Wshadow -Wsign-compare -Wundef -Wunused -Wwrite-strings -Wcast-align -Wdeclaration-after-statement -Wempty-body -Wendif-labels -Wfloat-equal -Wignored-qualifiers -Wno-format-nonliteral -Wno-sign-conversion -Wno-system-headers -Wstrict-prototypes -Wtype-limits -Wvla -Wshift-sign-overflow -Wshorten-64-to-32 -Wdouble-promotion -Wenum-conversion -Wunused-const-variable -Wcomma -Wmissing-variable-declarations -Wassign-enum -Wextra-semi-stmt -DHAVE_POSIX_STRERROR_R  -DHAVE_INTTYPES_H -DHAVE_SYS_FILIO_H -DHAVE_SYS_WAIT_H -DHAVE_SYS_IOCTL_H -DHAVE_SYS_PARAM_H -DHAVE_SYS_POLL_H -DHAVE_SYS_RESOURCE_H -DHAVE_SYS_SELECT_H -DHAVE_SYS_SOCKET_H -DHAVE_SYS_SOCKIO_H -DHAVE_SYS_STAT_H -DHAVE_SYS_TIME_H -DHAVE_SYS_TYPES_H -DHAVE_SYS_UN_H -DHAVE_SYS_XATTR_H -DHAVE_ARPA_INET_H -DHAVE_FCNTL_H -DHAVE_IDN2_H -DHAVE_IFADDRS_H -DHAVE_LIBGEN_H -DHAVE_LOCALE_H -DHAVE_NET_IF_H -DHAVE_NETDB_H -DHAVE_NETINET_IN_H -DHAVE_NETINET_TCP_H -DHAVE_NETINET_UDP_H -DHAVE_POLL_H -DHAVE_PWD_H -DHAVE_STDATOMIC_H -DHAVE_STDBOOL_H -DHAVE_STDINT_H -DHAVE_STRINGS_H -DHAVE_TERMIOS_H -DHAVE_UNISTD_H -DHAVE_UTIME_H -arch arm64 -MD -MT CMakeFiles/cmTC_3dc46.dir/CurlTests.c.o -MF CMakeFiles/cmTC_3dc46.dir/CurlTests.c.o.d -o CMakeFiles/cmTC_3dc46.dir/CurlTests.c.o -c /Users/krishnachamarthy/Documents/Interview/interview_template/build/_deps/curl-src/CMake/CurlTests.c
/Users/krishnachamarthy/Documents/Interview/interview_template/build/_deps/curl-src/CMake/CurlTests.c:392:18: warning: unused parameter 'f' [-Wunused-parameter]
  392 | void check(float f) {}
      |                  ^
/Users/krishnachamarthy/Documents/Interview/interview_template/build/_deps/curl-src/CMake/CurlTests.c:392:6: warning: no previous prototype for function 'check' [-Wmissing-prototypes]
  392 | void check(float f) {}
      |      ^
/Users/krishnachamarthy/Documents/Interview/interview_template/build/_deps/curl-src/CMake/CurlTests.c:392:1: note: declare 'static' if the function is not intended to be used outside of this translation unit
  392 | void check(float f) {}
      | ^
      | static 
/Users/krishnachamarthy/Documents/Interview/interview_template/build/_deps/curl-src/CMake/CurlTests.c:395:6: warning: a function declaration without a prototype is deprecated in all versions of C [-Wstrict-prototypes]
  395 | main () {
      |      ^
      |       void
/Users/krishnachamarthy/Documents/Interview/interview_template/build/_deps/curl-src/CMake/CurlTests.c:398:9: warning: implicit conversion from 'int' to 'float' may lose precision [-Wimplicit-int-float-conversion]
  398 |   check(strerror_r(EACCES, buffer, sizeof(buffer)));
      |   ~~~~~ ^~~~~~~~~~~~~~~~~~~~~~~~~~~~~~~~~~~~~~~~~~
4 warnings generated.
Linking C executable cmTC_3dc46
/opt/homebrew/bin/cmake -E cmake_link_script CMakeFiles/cmTC_3dc46.dir/link.txt --verbose=1
/usr/bin/cc   -Wextra -Wall -pedantic -Wbad-function-cast -Wconversion -Winline -Wmissing-declarations -Wmissing-prototypes -Wnested-externs -Wno-long-long -Wno-multichar -Wpointer-arith -Wshadow -Wsign-compare -Wundef -Wunused -Wwrite-strings -Wcast-align -Wdeclaration-after-statement -Wempty-body -Wendif-labels -Wfloat-equal -Wignored-qualifiers -Wno-format-nonliteral -Wno-sign-conversion -Wno-system-headers -Wstrict-prototypes -Wtype-limits -Wvla -Wshift-sign-overflow -Wshorten-64-to-32 -Wdouble-promotion -Wenum-conversion -Wunused-const-variable -Wcomma -Wmissing-variable-declarations -Wassign-enum -Wextra-semi-stmt -DHAVE_POSIX_STRERROR_R  -DHAVE_INTTYPES_H -DHAVE_SYS_FILIO_H -DHAVE_SYS_WAIT_H -DHAVE_SYS_IOCTL_H -DHAVE_SYS_PARAM_H -DHAVE_SYS_POLL_H -DHAVE_SYS_RESOURCE_H -DHAVE_SYS_SELECT_H -DHAVE_SYS_SOCKET_H -DHAVE_SYS_SOCKIO_H -DHAVE_SYS_STAT_H -DHAVE_SYS_TIME_H -DHAVE_SYS_TYPES_H -DHAVE_SYS_UN_H -DHAVE_SYS_XATTR_H -DHAVE_ARPA_INET_H -DHAVE_FCNTL_H -DHAVE_IDN2_H -DHAVE_IFADDRS_H -DHAVE_LIBGEN_H -DHAVE_LOCALE_H -DHAVE_NET_IF_H -DHAVE_NETDB_H -DHAVE_NETINET_IN_H -DHAVE_NETINET_TCP_H -DHAVE_NETINET_UDP_H -DHAVE_POLL_H -DHAVE_PWD_H -DHAVE_STDATOMIC_H -DHAVE_STDBOOL_H -DHAVE_STDINT_H -DHAVE_STRINGS_H -DHAVE_TERMIOS_H -DHAVE_UNISTD_H -DHAVE_UTIME_H -arch arm64 CMakeFiles/cmTC_3dc46.dir/CurlTests.c.o -o cmTC_3dc46


Performing Curl Test HAVE_CLOCK_GETTIME_MONOTONIC passed with the following output:
Change Dir: '/Users/krishnachamarthy/Documents/Interview/interview_template/build/CMakeFiles/CMakeTmp'

Run Build Command(s): /opt/homebrew/bin/cmake -E env VERBOSE=1 /usr/bin/make -f Makefile cmTC_a4d26/fast
/Applications/Xcode.app/Contents/Developer/usr/bin/make  -f CMakeFiles/cmTC_a4d26.dir/build.make CMakeFiles/cmTC_a4d26.dir/build
Building C object CMakeFiles/cmTC_a4d26.dir/CurlTests.c.o
/usr/bin/cc   -Wextra -Wall -pedantic -Wbad-function-cast -Wconversion -Winline -Wmissing-declarations -Wmissing-prototypes -Wnested-externs -Wno-long-long -Wno-multichar -Wpointer-arith -Wshadow -Wsign-compare -Wundef -Wunused -Wwrite-strings -Wcast-align -Wdeclaration-after-statement -Wempty-body -Wendif-labels -Wfloat-equal -Wignored-qualifiers -Wno-format-nonliteral -Wno-sign-conversion -Wno-system-headers -Wstrict-prototypes -Wtype-limits -Wvla -Wshift-sign-overflow -Wshorten-64-to-32 -Wdouble-promotion -Wenum-conversion -Wunused-const-variable -Wcomma -Wmissing-variable-declarations -Wassign-enum -Wextra-semi-stmt -DHAVE_CLOCK_GETTIME_MONOTONIC  -DHAVE_INTTYPES_H -DHAVE_SYS_FILIO_H -DHAVE_SYS_WAIT_H -DHAVE_SYS_IOCTL_H -DHAVE_SYS_PARAM_H -DHAVE_SYS_POLL_H -DHAVE_SYS_RESOURCE_H -DHAVE_SYS_SELECT_H -DHAVE_SYS_SOCKET_H -DHAVE_SYS_SOCKIO_H -DHAVE_SYS_STAT_H -DHAVE_SYS_TIME_H -DHAVE_SYS_TYPES_H -DHAVE_SYS_UN_H -DHAVE_SYS_XATTR_H -DHAVE_ARPA_INET_H -DHAVE_FCNTL_H -DHAVE_IDN2_H -DHAVE_IFADDRS_H -DHAVE_LIBGEN_H -DHAVE_LOCALE_H -DHAVE_NET_IF_H -DHAVE_NETDB_H -DHAVE_NETINET_IN_H -DHAVE_NETINET_TCP_H -DHAVE_NETINET_UDP_H -DHAVE_POLL_H -DHAVE_PWD_H -DHAVE_STDATOMIC_H -DHAVE_STDBOOL_H -DHAVE_STDINT_H -DHAVE_STRINGS_H -DHAVE_TERMIOS_H -DHAVE_UNISTD_H -DHAVE_UTIME_H -arch arm64 -MD -MT CMakeFiles/cmTC_a4d26.dir/CurlTests.c.o -MF CMakeFiles/cmTC_a4d26.dir/CurlTests.c.o.d -o CMakeFiles/cmTC_a4d26.dir/CurlTests.c.o -c /Users/krishnachamarthy/Documents/Interview/interview_template/build/_deps/curl-src/CMake/CurlTests.c
/Users/krishnachamarthy/Documents/Interview/interview_template/build/_deps/curl-src/CMake/CurlTests.c:421:5: warning: a function declaration without a prototype is deprecated in all versions of C [-Wstrict-prototypes]
  421 | main() {
      |     ^
      |      void
1 warning generated.
Linking C executable cmTC_a4d26
/opt/homebrew/bin/cmake -E cmake_link_script CMakeFiles/cmTC_a4d26.dir/link.txt --verbose=1
/usr/bin/cc   -Wextra -Wall -pedantic -Wbad-function-cast -Wconversion -Winline -Wmissing-declarations -Wmissing-prototypes -Wnested-externs -Wno-long-long -Wno-multichar -Wpointer-arith -Wshadow -Wsign-compare -Wundef -Wunused -Wwrite-strings -Wcast-align -Wdeclaration-after-statement -Wempty-body -Wendif-labels -Wfloat-equal -Wignored-qualifiers -Wno-format-nonliteral -Wno-sign-conversion -Wno-system-headers -Wstrict-prototypes -Wtype-limits -Wvla -Wshift-sign-overflow -Wshorten-64-to-32 -Wdouble-promotion -Wenum-conversion -Wunused-const-variable -Wcomma -Wmissing-variable-declarations -Wassign-enum -Wextra-semi-stmt -DHAVE_CLOCK_GETTIME_MONOTONIC  -DHAVE_INTTYPES_H -DHAVE_SYS_FILIO_H -DHAVE_SYS_WAIT_H -DHAVE_SYS_IOCTL_H -DHAVE_SYS_PARAM_H -DHAVE_SYS_POLL_H -DHAVE_SYS_RESOURCE_H -DHAVE_SYS_SELECT_H -DHAVE_SYS_SOCKET_H -DHAVE_SYS_SOCKIO_H -DHAVE_SYS_STAT_H -DHAVE_SYS_TIME_H -DHAVE_SYS_TYPES_H -DHAVE_SYS_UN_H -DHAVE_SYS_XATTR_H -DHAVE_ARPA_INET_H -DHAVE_FCNTL_H -DHAVE_IDN2_H -DHAVE_IFADDRS_H -DHAVE_LIBGEN_H -DHAVE_LOCALE_H -DHAVE_NET_IF_H -DHAVE_NETDB_H -DHAVE_NETINET_IN_H -DHAVE_NETINET_TCP_H -DHAVE_NETINET_UDP_H -DHAVE_POLL_H -DHAVE_PWD_H -DHAVE_STDATOMIC_H -DHAVE_STDBOOL_H -DHAVE_STDINT_H -DHAVE_STRINGS_H -DHAVE_TERMIOS_H -DHAVE_UNISTD_H -DHAVE_UTIME_H -arch arm64 CMakeFiles/cmTC_a4d26.dir/CurlTests.c.o -o cmTC_a4d26


Performing Curl Test HAVE_BUILTIN_AVAILABLE passed with the following output:
Change Dir: '/Users/krishnachamarthy/Documents/Interview/interview_template/build/CMakeFiles/CMakeTmp'

Run Build Command(s): /opt/homebrew/bin/cmake -E env VERBOSE=1 /usr/bin/make -f Makefile cmTC_09589/fast
/Applications/Xcode.app/Contents/Developer/usr/bin/make  -f CMakeFiles/cmTC_09589.dir/build.make CMakeFiles/cmTC_09589.dir/build
Building C object CMakeFiles/cmTC_09589.dir/CurlTests.c.o
/usr/bin/cc   -Wextra -Wall -pedantic -Wbad-function-cast -Wconversion -Winline -Wmissing-declarations -Wmissing-prototypes -Wnested-externs -Wno-long-long -Wno-multichar -Wpointer-arith -Wshadow -Wsign-compare -Wundef -Wunused -Wwrite-strings -Wcast-align -Wdeclaration-after-statement -Wempty-body -Wendif-labels -Wfloat-equal -Wignored-qualifiers -Wno-format-nonliteral -Wno-sign-conversion -Wno-system-headers -Wstrict-prototypes -Wtype-limits -Wvla -Wshift-sign-overflow -Wshorten-64-to-32 -Wdouble-promotion -Wenum-conversion -Wunused-const-variable -Wcomma -Wmissing-variable-declarations -Wassign-enum -Wextra-semi-stmt -DHAVE_BUILTIN_AVAILABLE  -DHAVE_INTTYPES_H -DHAVE_SYS_FILIO_H -DHAVE_SYS_WAIT_H -DHAVE_SYS_IOCTL_H -DHAVE_SYS_PARAM_H -DHAVE_SYS_POLL_H -DHAVE_SYS_RESOURCE_H -DHAVE_SYS_SELECT_H -DHAVE_SYS_SOCKET_H -DHAVE_SYS_SOCKIO_H -DHAVE_SYS_STAT_H -DHAVE_SYS_TIME_H -DHAVE_SYS_TYPES_H -DHAVE_SYS_UN_H -DHAVE_SYS_XATTR_H -DHAVE_ARPA_INET_H -DHAVE_FCNTL_H -DHAVE_IDN2_H -DHAVE_IFADDRS_H -DHAVE_LIBGEN_H -DHAVE_LOCALE_H -DHAVE_NET_IF_H -DHAVE_NETDB_H -DHAVE_NETINET_IN_H -DHAVE_NETINET_TCP_H -DHAVE_NETINET_UDP_H -DHAVE_POLL_H -DHAVE_PWD_H -DHAVE_STDATOMIC_H -DHAVE_STDBOOL_H -DHAVE_STDINT_H -DHAVE_STRINGS_H -DHAVE_TERMIOS_H -DHAVE_UNISTD_H -DHAVE_UTIME_H -arch arm64 -MD -MT CMakeFiles/cmTC_09589.dir/CurlTests.c.o -MF CMakeFiles/cmTC_09589.dir/CurlTests.c.o.d -o CMakeFiles/cmTC_09589.dir/CurlTests.c.o -c /Users/krishnachamarthy/Documents/Interview/interview_template/build/_deps/curl-src/CMake/CurlTests.c
/Users/krishnachamarthy/Documents/Interview/interview_template/build/_deps/curl-src/CMake/CurlTests.c:429:5: warning: a function declaration without a prototype is deprecated in all versions of C [-Wstrict-prototypes]
  429 | main() {
      |     ^
      |      void
1 warning generated.
Linking C executable cmTC_09589
/opt/homebrew/bin/cmake -E cmake_link_script CMakeFiles/cmTC_09589.dir/link.txt --verbose=1
/usr/bin/cc   -Wextra -Wall -pedantic -Wbad-function-cast -Wconversion -Winline -Wmissing-declarations -Wmissing-prototypes -Wnested-externs -Wno-long-long -Wno-multichar -Wpointer-arith -Wshadow -Wsign-compare -Wundef -Wunused -Wwrite-strings -Wcast-align -Wdeclaration-after-statement -Wempty-body -Wendif-labels -Wfloat-equal -Wignored-qualifiers -Wno-format-nonliteral -Wno-sign-conversion -Wno-system-headers -Wstrict-prototypes -Wtype-limits -Wvla -Wshift-sign-overflow -Wshorten-64-to-32 -Wdouble-promotion -Wenum-conversion -Wunused-const-variable -Wcomma -Wmissing-variable-declarations -Wassign-enum -Wextra-semi-stmt -DHAVE_BUILTIN_AVAILABLE  -DHAVE_INTTYPES_H -DHAVE_SYS_FILIO_H -DHAVE_SYS_WAIT_H -DHAVE_SYS_IOCTL_H -DHAVE_SYS_PARAM_H -DHAVE_SYS_POLL_H -DHAVE_SYS_RESOURCE_H -DHAVE_SYS_SELECT_H -DHAVE_SYS_SOCKET_H -DHAVE_SYS_SOCKIO_H -DHAVE_SYS_STAT_H -DHAVE_SYS_TIME_H -DHAVE_SYS_TYPES_H -DHAVE_SYS_UN_H -DHAVE_SYS_XATTR_H -DHAVE_ARPA_INET_H -DHAVE_FCNTL_H -DHAVE_IDN2_H -DHAVE_IFADDRS_H -DHAVE_LIBGEN_H -DHAVE_LOCALE_H -DHAVE_NET_IF_H -DHAVE_NETDB_H -DHAVE_NETINET_IN_H -DHAVE_NETINET_TCP_H -DHAVE_NETINET_UDP_H -DHAVE_POLL_H -DHAVE_PWD_H -DHAVE_STDATOMIC_H -DHAVE_STDBOOL_H -DHAVE_STDINT_H -DHAVE_STRINGS_H -DHAVE_TERMIOS_H -DHAVE_UNISTD_H -DHAVE_UTIME_H -arch arm64 CMakeFiles/cmTC_09589.dir/CurlTests.c.o -o cmTC_09589


